\BOOKMARK [1][-]{section.1}{\376\377\000I\000n\000t\000r\000o\000d\000u\000\347\000\343\000o}{}% 1
\BOOKMARK [1][-]{section.2}{\376\377\000B\000a\000c\000k\000g\000r\000o\000u\000n\000d}{}% 2
\BOOKMARK [2][-]{subsection.2.1}{\376\377\000P\000r\000o\000g\000r\000a\000m\000a\000\040\000d\000e\000\040\000A\000p\000o\000i\000o\000\040\000\340\000\040\000P\000\363\000s\000-\000G\000r\000a\000d\000u\000a\000\347\000\343\000o\000\040\000\050\000P\000R\000O\000A\000P\000\051}{section.2}% 3
\BOOKMARK [2][-]{subsection.2.2}{\376\377\000S\000i\000s\000t\000e\000m\000a\000s\000\040\000d\000e\000\040\000P\000r\000o\000c\000e\000s\000s\000a\000m\000e\000n\000t\000o\000\040\000d\000e\000\040\000T\000r\000a\000n\000s\000a\000\347\000\365\000e\000s\000\040\000\050\000S\000P\000T\000\051\000\040\000e\000\040\000S\000i\000s\000t\000e\000m\000a\000s\000\040\000d\000e\000\040\000I\000n\000f\000o\000r\000m\000a\000\347\000\365\000e\000s\000\040\000G\000e\000r\000e\000n\000c\000i\000a\000i\000s\000\040\000\050\000S\000I\000G\000\051}{section.2}% 4
\BOOKMARK [3][-]{subsubsection.2.2.1}{\376\377\000S\000i\000s\000t\000e\000m\000a\000s\000\040\000d\000e\000\040\000P\000r\000o\000c\000e\000s\000s\000a\000m\000e\000n\000t\000o\000\040\000d\000e\000\040\000T\000r\000a\000n\000s\000a\000\347\000\365\000e\000s\000\040\000\050\000S\000P\000T\000\051\000.}{subsection.2.2}% 5
\BOOKMARK [3][-]{subsubsection.2.2.2}{\376\377\000S\000i\000s\000t\000e\000m\000a\000s\000\040\000d\000e\000\040\000I\000n\000f\000o\000r\000m\000a\000\347\000\365\000e\000s\000\040\000G\000e\000r\000e\000n\000c\000i\000a\000i\000s\000\040\000\050\000S\000I\000G\000\051\000.}{subsection.2.2}% 6
\BOOKMARK [3][-]{subsubsection.2.2.3}{\376\377\000A\000r\000q\000u\000i\000t\000e\000t\000u\000r\000a\000\040\000H\000\355\000b\000r\000i\000d\000a\000\040\000n\000o\000\040\000P\000R\000O\000A\000P\000-\000I\000C}{subsection.2.2}% 7
\BOOKMARK [1][-]{section.3}{\376\377\000T\000r\000a\000b\000a\000l\000h\000o\000s\000\040\000R\000e\000l\000a\000c\000i\000o\000n\000a\000d\000o\000s}{}% 8
\BOOKMARK [1][-]{section.4}{\376\377\000S\000i\000s\000t\000e\000m\000a\000\040\000P\000R\000O\000A\000P\000-\000I\000C}{}% 9
\BOOKMARK [2][-]{subsection.4.1}{\376\377\000M\000o\000d\000e\000l\000o\000\040\000d\000e\000\040\000D\000a\000d\000o\000s}{section.4}% 10
\BOOKMARK [2][-]{subsection.4.2}{\376\377\000A\000r\000q\000u\000i\000t\000e\000t\000u\000r\000a\000\040\000B\000a\000c\000k\000e\000n\000d}{section.4}% 11
\BOOKMARK [3][-]{subsubsection.4.2.1}{\376\377\000R\000e\000q\000u\000i\000s\000i\000t\000o\000s}{subsection.4.2}% 12
\BOOKMARK [3][-]{subsubsection.4.2.2}{\376\377\000T\000e\000c\000n\000o\000l\000o\000g\000i\000a\000s}{subsection.4.2}% 13
\BOOKMARK [2][-]{subsection.4.3}{\376\377\000A\000r\000q\000u\000i\000t\000e\000t\000u\000r\000a\000\040\000F\000r\000o\000n\000t\000e\000n\000d}{section.4}% 14
\BOOKMARK [3][-]{subsubsection.4.3.1}{\376\377\000R\000e\000q\000u\000i\000s\000i\000t\000o\000s}{subsection.4.3}% 15
\BOOKMARK [3][-]{subsubsection.4.3.2}{\376\377\000T\000e\000c\000n\000o\000l\000o\000g\000i\000a\000s}{subsection.4.3}% 16
\BOOKMARK [2][-]{subsection.4.4}{\376\377\000T\000e\000l\000a\000s\000\040\000d\000a\000\040\000A\000p\000l\000i\000c\000a\000\347\000\343\000o}{section.4}% 17
\BOOKMARK [3][-]{subsubsection.4.4.1}{\376\377\000T\000e\000l\000a\000s\000\040\000d\000e\000\040\000A\000u\000t\000e\000n\000t\000i\000c\000a\000\347\000\343\000o}{subsection.4.4}% 18
\BOOKMARK [3][-]{subsubsection.4.4.2}{\376\377\000T\000e\000l\000a\000\040\000i\000n\000i\000c\000i\000a\000l}{subsection.4.4}% 19
\BOOKMARK [3][-]{subsubsection.4.4.3}{\376\377\000F\000o\000r\000m\000u\000l\000\341\000r\000i\000o\000\040\000d\000e\000\040\000N\000o\000v\000a\000\040\000S\000o\000l\000i\000c\000i\000t\000a\000\347\000\343\000o}{subsection.4.4}% 20
\BOOKMARK [3][-]{subsubsection.4.4.4}{\376\377\000T\000e\000l\000a\000s\000\040\000d\000e\000\040\000A\000v\000a\000l\000i\000a\000\347\000\343\000o}{subsection.4.4}% 21
\BOOKMARK [3][-]{subsubsection.4.4.5}{\376\377\000T\000e\000l\000a\000s\000\040\000A\000d\000m\000i\000n\000i\000s\000t\000r\000a\000t\000i\000v\000a\000s}{subsection.4.4}% 22
\BOOKMARK [3][-]{subsubsection.4.4.6}{\376\377\000T\000e\000l\000a\000s\000\040\000d\000e\000\040\000A\000v\000a\000l\000i\000a\000\347\000\343\000o\000\040\000C\000E\000A\000P\000G}{subsection.4.4}% 23
\BOOKMARK [1][-]{section.5}{\376\377\000A\000v\000a\000l\000i\000a\000\347\000\343\000o\000\040\000E\000x\000p\000e\000r\000i\000m\000e\000n\000t\000a\000l}{}% 24
\BOOKMARK [2][-]{subsection.5.1}{\376\377\000C\000o\000n\000d\000i\000\347\000\365\000e\000s\000\040\000D\000e\000t\000e\000r\000m\000i\000n\000a\000n\000t\000e\000s}{section.5}% 25
\BOOKMARK [1][-]{section.6}{\376\377\000R\000e\000s\000u\000l\000t\000a\000d\000o\000s}{}% 26
\BOOKMARK [2][-]{subsection.6.1}{\376\377\000A\000n\000\341\000l\000i\000s\000e\000\040\000D\000e\000s\000c\000r\000i\000t\000i\000v\000a\000\040\000d\000o\000s\000\040\000C\000o\000n\000s\000t\000r\000u\000t\000o\000s}{section.6}% 27
\BOOKMARK [3][-]{subsubsection.6.1.1}{\376\377\000E\000x\000p\000e\000c\000t\000a\000t\000i\000v\000a\000\040\000d\000e\000\040\000D\000e\000s\000e\000m\000p\000e\000n\000h\000o}{subsection.6.1}% 28
\BOOKMARK [3][-]{subsubsection.6.1.2}{\376\377\000E\000x\000p\000e\000c\000t\000a\000t\000i\000v\000a\000\040\000d\000e\000\040\000E\000s\000f\000o\000r\000\347\000o}{subsection.6.1}% 29
\BOOKMARK [3][-]{subsubsection.6.1.3}{\376\377\000C\000o\000n\000d\000i\000\347\000\365\000e\000s\000\040\000F\000a\000c\000i\000l\000i\000t\000a\000d\000o\000r\000a\000s}{subsection.6.1}% 30
\BOOKMARK [2][-]{subsection.6.2}{\376\377\000A\000n\000\341\000l\000i\000s\000e\000\040\000d\000e\000\040\000C\000o\000n\000f\000i\000a\000b\000i\000l\000i\000d\000a\000d\000e}{section.6}% 31
\BOOKMARK [2][-]{subsection.6.3}{\376\377\000A\000n\000\341\000l\000i\000s\000e\000\040\000d\000e\000\040\000C\000o\000r\000r\000e\000l\000a\000\347\000\343\000o}{section.6}% 32
\BOOKMARK [1][-]{section.7}{\376\377\000D\000i\000s\000c\000u\000s\000s\000\343\000o}{}% 33
\BOOKMARK [1][-]{section.8}{\376\377\000C\000o\000n\000c\000l\000u\000s\000\343\000o}{}% 34
